Microchip MPLAB XC8 Compiler V3.00

Linker command line:

-W-3 \
  --edf=C:/Users/saran/.mchp_packs/Microchip/PIC10-12Fxxx_DFP/1.8.184/xc8\pic\dat\20250326204855_en.msgs \
  -cn -h+dist/default/production\PortChangeINT.X.production.sym \
  --cmf=dist/default/production\PortChangeINT.X.production.cmf -z -Q12F675 \
  -oC:\Users\saran\AppData\Local\Temp\xcAsnqg.\driver_tmp_3.o \
  --defsym=__MPLAB_BUILD=1 --fixupoverflow=error \
  -Mdist/default/production/PortChangeINT.X.production.map \
  --md=C:\Users\saran\AppData\Local\Temp\xcAsnqg.\driver_tmp_0.dat -E1 \
  -ver=XC8 Compiler -ACODE=00h-03FEh -ASTRCODE=00h-03FEh \
  -ASTRING=00h-0FFhx3,0300h-03FEh -ACONST=00h-0FFhx3,0300h-03FEh \
  -AENTRY=00h-0FFhx3,0300h-03FEh -ABANK0=020h-05Dh -ARAM=020h-05Dh \
  -AABS1=020h-05Fh -ACOMMON=05Eh-05Fh -ASFR0=00h-01Fh -ASFR1=080h-0DDh \
  -ACONFIG=02007h-02007h -DCONFIG=2 -AIDLOC=02000h-02003h -DIDLOC=2 \
  -AEEDATA=00h-07Fh/02100h -peeprom_data=EEDATA -DEEDATA=2 -DCODE=2 \
  -DSTRCODE=2 -DSTRING=2 -DCONST=2 -DENTRY=2 \
  -preset_vec=00h,intentry=04h,sivt,init,end_init -ppowerup=CODE \
  -pcinit=CODE -pfunctab=ENTRY -posccal=03FFh -k \
  C:\Users\saran\AppData\Local\Temp\xcAsnqg.\driver_tmp_12.o \
  dist/default/production\PortChangeINT.X.production.o 

Object code version is 3.11

Machine type is 12F675



                Name                               Link     Load   Length Selector   Space Scale
C:\Users\saran\AppData\Local\Temp\xcAsnqg.\driver_tmp_12.o
                end_init                              B        B        1        8       0
                reset_vec                             0        0        1        0       0
                config                             2007     2007        1        0       4
dist/default/production\PortChangeINT.X.production.o
                cinit                                 C        C        4        8       0
                intentry                              4        4        7        8       0
                config                             2007     2007        1        0       4
                text1                                10       10       23        8       0
                maintext                             33       33       14        8       0
                cstackBANK0                          20       20        3       20       1
                bssBANK0                             23       23        1       20       1

TOTAL           Name                               Link     Load   Length     Space
        CLASS   CODE           
                end_init                              B        B        1         0
                cinit                                 C        C        4         0
                intentry                              4        4        7         0
                reset_vec                             0        0        1         0
                text1                                10       10       23         0
                maintext                             33       33       14         0

        CLASS   STRCODE        

        CLASS   STRING         

        CLASS   CONST          

        CLASS   ENTRY          

        CLASS   BANK0          
                cstackBANK0                          20       20        3         1
                bssBANK0                             23       23        1         1

        CLASS   RAM            

        CLASS   ABS1           
                abs_s1                               5E       5E        2         1

        CLASS   COMMON         

        CLASS   SFR0           

        CLASS   SFR1           

        CLASS   CONFIG         
                config                             2007     2007        1         4

        CLASS   IDLOC          

        CLASS   EEDATA         

        CLASS   BANK1          

        CLASS   HEAP           

        CLASS   STACK          



SEGMENTS        Name                           Load    Length   Top    Selector   Space  Class     Delta

                reset_vec                      000000  000001  000001         0       0  CODE        2
                intentry                       000004  000043  000047         8       0  CODE        2
                cstackBANK0                    000020  000004  000024        20       1  BANK0       1


UNUSED ADDRESS RANGES

        Name                Unused          Largest block    Delta
        BANK0            0024-005D             3A           1
        CODE             0001-0003              3           2
                         0047-03FE            3B8
        CONST            0001-0003              3           2
                         0047-03FE            100
        EEDATA           2100-217F             80           2
        ENTRY            0001-0003              3           2
                         0047-03FE            100
        IDLOC            2000-2003              4           2
        RAM              0024-005D             3A           1
        SFR0             0000-001F             20           1
        SFR1             0080-00DD             5E           1
        STRCODE          0001-0003              3           2
                         0047-03FE            3B8
        STRING           0001-0003              3           2
                         0047-03FE            100

                                  Symbol Table

_ANSEL                   (abs)        009F
_CMCON                   (abs)        0019
_GPIO                    (abs)        0005
_GPIObits                (abs)        0005
_INTCONbits              (abs)        000B
_IOCbits                 (abs)        0096
_ISR                     text1        0010
_OSCCAL                  (abs)        0090
_TRISIO                  (abs)        0085
__H__absolute__          __absolute__ 0000
__Habs1                  abs1         07FE
__Hbank0                 bank0        07FE
__Hbank1                 bank1        07FE
__HbssBANK0              bssBANK0     07FE
__Hcinit                 cinit        0010
__Hclrtext               clrtext      07FE
__Hcode                  code         07FE
__Hcommon                common       07FE
__Hconfig                config       2008
__HcstackBANK0           cstackBANK0  07FE
__HcstackCOMMON          cstackCOMMON 07FE
__Heeprom_data           eeprom_data  0000
__Hend_init              end_init     000C
__Hfunctab               functab      0000
__Hheap                  heap         07FE
__Hinit                  init         000B
__Hintentry              intentry     000B
__Hmaintext              maintext     07FE
__Hosccal                osccal       03FF
__Hpowerup               powerup      0000
__Hram                   ram          07FE
__Hreset_vec             reset_vec    0001
__Hsfr0                  sfr0         07FE
__Hsfr1                  sfr1         07FE
__Hsivt                  sivt         000B
__Hspace_0               (abs)        07FE
__Hspace_1               (abs)        07FE
__Hspace_2               (abs)        07FE
__Hspace_3               (abs)        0000
__Hspace_4               (abs)        400F
__Hstack                 stack        07FE
__Hstrings               strings      07FE
__Htext                  text         07FE
__L__absolute__          __absolute__ 0000
__Labs1                  abs1         07FE
__Lbank0                 bank0        07FE
__Lbank1                 bank1        07FE
__LbssBANK0              bssBANK0     07FE
__Lcinit                 cinit        000C
__Lclrtext               clrtext      07FE
__Lcode                  code         07FE
__Lcommon                common       07FE
__Lconfig                config       0000
__LcstackBANK0           cstackBANK0  07FE
__LcstackCOMMON          cstackCOMMON 07FE
__Leeprom_data           eeprom_data  0000
__Lend_init              end_init     000B
__Lfunctab               functab      0000
__Lheap                  heap         07FE
__Linit                  init         000B
__Lintentry              intentry     0004
__Lmaintext              maintext     07FE
__Losccal                osccal       03FF
__Lpowerup               powerup      0000
__Lram                   ram          07FE
__Lreset_vec             reset_vec    0000
__Lsfr0                  sfr0         07FE
__Lsfr1                  sfr1         07FE
__Lsivt                  sivt         000B
__Lspace_0               (abs)        0000
__Lspace_1               (abs)        0000
__Lspace_2               (abs)        0000
__Lspace_3               (abs)        0000
__Lspace_4               (abs)        0000
__Lstack                 stack        07FE
__Lstrings               strings      07FE
__Ltext                  text         07FE
__S0                     (abs)        0047
__S1                     (abs)        0024
__S3                     (abs)        0000
___heap_hi               (abs)        0000
___heap_lo               (abs)        0000
___int_sp                stack        07FE
___int_stack_hi          stack        07FE
___int_stack_lo          stack        07FE
___latbits               (abs)        0000
___osccal_val            osccal       03FF
___sp                    stack        07FE
___stack_hi              stack        07FE
___stack_lo              stack        07FE
___stackhi               (abs)        0000
___stacklo               (abs)        0000
__end_of_ISR             text1        0033
__end_of__initialization cinit        000E
__end_of_main            maintext     0047
__initialization         cinit        000C
__pbssBANK0              bssBANK0     0023
__pcstackBANK0           cstackBANK0  0020
__pcstackCOMMON          cstackCOMMON 0000
__pintentry              intentry     0004
__pmaintext              maintext     0033
__ptext1                 text1        0010
_main                    maintext     0033
_prev_gpio               bssBANK0     0023
btemp                    (abs)        005E
end_of_initialization    cinit        000E
interrupt_function       intentry     0004
intlevel0                functab      0000
intlevel1                functab      0000
intlevel2                functab      0000
intlevel3                functab      0000
intlevel4                functab      0000
intlevel5                functab      0000
reset_vec                reset_vec    0000
saved_w                  (abs)        005E
start                    init         000B
start_initialization     cinit        000C
wtemp0                   (abs)        005E

=============================== STACK USAGE GUIDANCE ================================

The program uses a compiled stack model.

The call-graph beginning at main(),
   uses an estimated 0 of 8 hardware stack locations and a compiled stack

However, the following cautions exist:

1) There is 1 interrupt service routine detected:
   ISR() call-graph uses an estimated 1 hardware stack location and a compiled stack
You must add stack allowances for those functions.

=====================================================================================
=========================== STACK USAGE ESTIMATES REPORT ============================

Data Stack Model: Compiled

Interrupt-level: main
    Estimated total hardware stack: 0 levels
ROOT Function: _main
    Defined at:     line 37 in main.c
    Hardware stack: 0 levels used
    Data stack:     Uses the compiled stack
    Calls:          Nothing

Interrupt-level: interrupt
    Estimated total hardware stack: 1 level
ROOT Function: _ISR
    Defined at:     line 23 in main.c
    Hardware stack: 1 level used
    Data stack:     Uses the compiled stack
    Calls:          Nothing
=====================================================================================


MODULE INFORMATION

Module		Function		Class		Link	Load	Size
shared
		__initialization		CODE           	000C	0000	2

shared estimated size: 2

main.c
		_ISR           		CODE           	0010	0000	35
		_main          		CODE           	0033	0000	20

main.c estimated size: 55

